_ID,businessGroup_ID,createdBy_ID,modifiedBy_ID,owner_ID,registration_ID,salesOrganization_ID,territory_ID,_DELETED,_MODIFIED,_PART,_SOURCE,accountGroup,accountId,accountNumber,accountStatus,accountType,address1City,address1Country,address1Line1,address1Line2,address1Line3,address1PostalCode,address1State,businessGroupId,businessType,client,createdBy,createdOn,customerDivision,customerSegmentation,customerTier,customerType,ebsAccountNumber,eCommerceFlag,erpId,forecastGroup,gbu,globalRegion,industry,insertedOn,isActive,isDeleted,kingdeeId,locationType,marketType,modifiedBy,modifiedOn,name,nationalAccount,numberOperatingRooms,organization,ownerId,ownerRegion,parentAccountId,partyId,priceListId,region,registrationId,salesOrganizationID,sapId,subIndustry,subVertical,syncWithGuardian,territoryId,topXAccountGuardian,topXTargetGuardian,updatedOn,vertical
col-51,0,0,0,0,0,0,0,false,2023-03-27T07:55:49.989+0000,1900-01-01,COL,null,5400-901043831,901043831,null,null,BARRANCABERMEJA,COLOMBIA,CL 67 31 09 AV CIRCUNVALAR BRR FLORESTA BAJA,null,null,null,SANTANDER,null,null,001,null,null,null,null,null,External,null,null,null,Other,I,null,null,2023-03-27T07:52:10.773+0000,true,false,null,null,null,null,null,S.C HERMANOS S.A.S,null,null,null,null,null,null,null,null,null,null,null,null,null,null,null,null,null,null,2023-03-27T07:52:10.773+0000,null
col-9,0,0,0,0,0,0,0,false,2023-03-27T07:55:49.989+0000,1900-01-01,COL,null,5400-901044082,901044082,null,null,BOGOTA,COLOMBIA,Kilometro 1 Vía Siberia- Funza Bodega: 13 A-B,null,null,null,CUNDINAMARCA,null,null,001,null,null,null,null,null,External,null,null,null,Other,I,null,null,2023-03-27T07:52:10.773+0000,true,false,null,null,null,null,null,ANSELL COLOMBIA SAS,null,null,null,null,null,null,null,null,null,null,null,null,null,null,null,null,null,null,2023-03-27T07:52:10.773+0000,null
col-10,0,0,0,0,0,0,0,false,2023-03-27T07:55:49.989+0000,1900-01-01,COL,null,5400-800182390,800182390,null,null,PALMIRA,COLOMBIA,CARRERA 28 # 73-51 VIA BUGA,null,null,null,VALLE DEL CAUCA,null,null,001,null,null,null,null,null,External,null,null,null,Other,I,null,null,2023-03-27T07:52:10.773+0000,true,false,null,null,null,null,null,SURAMERICANA DE GUANTES S.A.S,null,null,null,null,null,null,null,null,null,null,null,null,null,null,null,null,null,null,2023-03-27T07:52:10.773+0000,null
col-22,0,0,0,0,0,0,0,false,2023-03-27T07:55:49.989+0000,1900-01-01,COL,null,5400-ACM080307L15,ACM080307L15,null,null,QUERETARO,MEXICO,Bernardo Quintana No. Ext. 7001-C,null,null,76090,QUERETARO MEXICO,null,null,001,null,null,null,null,null,External,null,null,null,I-Other,I,null,null,2023-03-27T07:52:10.773+0000,true,false,null,null,null,null,null,ANSELL COMMERCIAL MEXICO,null,null,null,null,null,null,null,null,null,null,null,null,null,null,null,null,null,null,2023-03-27T07:52:10.773+0000,null
col-29,0,0,0,0,0,0,0,false,2023-03-27T07:55:49.989+0000,1900-01-01,COL,null,5400-800003367,800003367,null,null,CARTAGENA,COLOMBIA,DG 30 CEBALLOS LC 19 CENTRO COM MAMONAL PLAZA,null,null,null,BOLIVAR,null,null,001,null,null,null,null,null,External,null,null,null,Other,I,null,null,2023-03-27T07:52:10.773+0000,true,false,null,null,null,null,null,SUMINISTROS INDUSTRIALES Y ASESORIAS SAS,null,null,null,null,null,null,null,null,null,null,null,null,null,null,null,null,null,null,2023-03-27T07:52:10.773+0000,null
col-40,0,0,0,0,0,0,0,false,2023-03-27T07:55:49.989+0000,1900-01-01,COL,null,5400-830506250,830506250,null,null,YOPAL,COLOMBIA,CR 19 18 42,null,null,null,CASANARE,null,null,001,null,null,null,null,null,External,null,null,null,Other,I,null,null,2023-03-27T07:52:10.773+0000,true,false,null,null,null,null,null,PASSOS SAS BIC,null,null,null,null,null,null,null,null,null,null,null,null,null,null,null,null,null,null,2023-03-27T07:52:10.773+0000,null
col-48,0,0,0,0,0,0,0,false,2023-03-27T07:55:49.989+0000,1900-01-01,COL,null,5400-800157016,800157016,null,null,BOGOTÁ,COLOMBIA,CL 37 20 17 BRR LA SOLEDAD,null,null,null,CUNDINAMARCA,null,null,001,null,null,null,null,null,External,null,null,null,Other,I,null,null,2023-03-27T07:52:10.773+0000,true,false,null,null,null,null,null,SOLUCIONES INDUSTRIALES DE COLOMBIA  S.A .S,null,null,null,null,null,null,null,null,null,null,null,null,null,null,null,null,null,null,2023-03-27T07:52:10.773+0000,null
col-6,0,0,0,0,0,0,0,false,2023-03-27T07:55:49.989+0000,1900-01-01,COL,null,5400-860531287,860531287,null,null,BOGOTA,COLOMBIA,AUTO NORTE 114 44 OF 702,null,null,null,CUNDINAMARCA,null,null,001,null,null,null,null,null,External,null,null,null,Other,I,null,null,2023-03-27T07:52:10.773+0000,true,false,null,null,null,null,null,MELEXA S.A.S.,null,null,null,null,null,null,null,null,null,null,null,null,null,null,null,null,null,null,2023-03-27T07:52:10.773+0000,null
col-39,0,0,0,0,0,0,0,false,2023-03-27T07:55:49.989+0000,1900-01-01,COL,null,5400-830096988,830096988,null,null,BOGOTA,COLOMBIA,CL 25 F 85 B 16,null,null,11001,CUNDINAMARCA,null,null,001,null,null,null,null,null,External,null,null,null,Other,I,null,null,2023-03-27T07:52:10.773+0000,true,false,null,null,null,null,null,CASSO DISTRIBUCIONES SAS BIC,null,null,null,null,null,null,null,null,null,null,null,null,null,null,null,null,null,null,2023-03-27T07:52:10.773+0000,null
col-62,0,0,0,0,0,0,0,false,2023-03-27T07:55:49.989+0000,1900-01-01,COL,null,5400-800193759,800193759,null,null,CALI,COLOMBIA,CL 41  NORTE 1 N 03,null,null,null,VALLE DEL CAUCA,null,null,001,null,null,null,null,null,External,null,null,null,Other,I,null,null,2023-03-27T07:52:10.773+0000,true,false,null,null,null,null,null,INGENIERIA Y REPRESENTACIONES S.A.S.,null,null,null,null,null,null,null,null,null,null,null,null,null,null,null,null,null,null,2023-03-27T07:52:10.773+0000,null
ebs-5606,0,ebs-10127,0,0,0,0,0,false,2023-04-03T13:44:35.335+0000,2011-06-01,EBS,null,2507,11464,null,End User,null,null,null,null,null,null,null,null,null,001,1354,2011-06-02T04:25:51.000+0000,MED,null,null,External,null,false,null,Other,MEDICAL,null,HEALTHCARE PATIENT,2023-04-03T13:43:47.604+0000,true,false,null,null,null,null,2019-04-14T23:54:58.000+0000,null,null,null,null,null,null,null,15938,10477,NA,null,null,null,HOSPITALS - PRIVATE,null,null,null,null,null,2023-04-03T13:43:47.604+0000,ACT
ebs-6299,0,ebs-10127,0,0,0,0,0,false,2023-04-03T13:44:35.335+0000,2011-06-01,EBS,null,1818,10775,null,End User,null,null,null,null,null,null,null,null,null,001,1354,2011-06-02T04:25:39.000+0000,null,null,null,External,null,false,null,Other,SH&WB,null,"OEM, TENDER & PUBLIC SECTOR",2023-04-03T13:43:47.604+0000,true,false,null,null,null,null,2019-04-14T23:49:36.000+0000,null,null,null,null,null,null,null,15249,null,NA,null,null,null,OTHER NON-PROFIT,null,null,null,null,null,2023-04-03T13:43:47.604+0000,null
ebs-3027,0,ebs-10127,0,0,0,0,0,false,2023-04-03T13:44:35.335+0000,2011-06-01,EBS,null,1583,10540,null,Retailer,null,null,null,null,null,null,null,null,null,001,1354,2011-06-02T04:25:35.000+0000,IND,null,null,External,null,false,null,Other,NV&AC,null,FOOD & AGRICULTURE,2023-04-03T13:43:47.604+0000,true,false,null,null,null,null,2019-04-14T23:48:10.000+0000,null,null,null,null,null,null,null,15014,null,NA,null,null,null,FOOD SERVICE & CATERING,null,null,null,null,null,2023-04-03T13:43:47.604+0000,FOD
ebs-909,0,ebs-10127,0,0,0,0,0,false,2023-04-03T13:44:35.335+0000,2011-06-01,EBS,null,2260,11217,null,End User,null,null,null,null,null,null,null,null,null,001,1354,2011-06-02T04:25:47.000+0000,null,null,null,External,null,false,null,Other,SH&WB,null,"OEM, TENDER & PUBLIC SECTOR",2023-04-03T13:43:47.604+0000,true,false,null,null,null,null,2019-04-14T23:52:44.000+0000,null,null,null,null,null,null,null,15691,null,NA,null,null,null,GOVERNMENT - LOCAL,null,null,null,null,null,2023-04-03T13:43:47.604+0000,null
ebs-2600,0,ebs-10127,0,0,0,0,0,false,2023-04-03T13:44:35.335+0000,2011-06-01,EBS,null,2485,11442,null,Retailer,null,null,null,null,null,null,null,null,null,001,1354,2011-06-02T04:25:51.000+0000,null,null,null,External,null,false,null,Other,SH&WB,null,CONSUMER RETAIL,2023-04-03T13:43:47.604+0000,true,false,null,null,null,null,2019-04-14T23:54:50.000+0000,null,null,null,null,null,null,null,15916,null,NA,null,null,null,MASS MERCHANDISER,null,null,null,null,null,2023-04-03T13:43:47.604+0000,null
ebs-6127,0,ebs-10127,0,0,0,0,0,false,2023-04-03T13:44:35.335+0000,2011-06-01,EBS,null,2159,11116,null,End User,null,null,null,null,null,null,null,null,null,001,1354,2011-06-02T04:25:45.000+0000,null,null,null,External,null,false,null,Other,SH&WB,null,"OEM, TENDER & PUBLIC SECTOR",2023-04-03T13:43:47.604+0000,true,false,null,null,null,null,2019-04-14T23:51:54.000+0000,null,null,null,null,null,null,null,15590,null,NA,null,null,null,GOVERNMENT - LOCAL,null,null,null,null,null,2023-04-03T13:43:47.604+0000,null
ebs-3339,0,ebs-10127,0,0,0,0,0,false,2023-04-03T13:44:35.335+0000,2011-06-01,EBS,null,2003,10960,null,Distributor,null,null,null,null,null,null,null,null,null,001,1354,2011-06-02T04:25:43.000+0000,IND,null,null,External,null,false,null,Other,INDUSTRIAL,null,MULTI,2023-04-03T13:43:47.604+0000,true,false,null,null,null,null,2019-04-14T23:50:43.000+0000,null,null,null,null,null,null,null,15434,331586,OLAC,null,null,null,N/A,null,null,null,null,null,2023-04-03T13:43:47.604+0000,IND
ebs-2596,0,ebs-10127,ebs-191,0,0,0,0,false,2023-04-03T13:44:35.335+0000,2011-06-01,EBS,null,1344,10301,null,End User,null,null,null,null,null,null,null,null,null,001,1354,2011-06-02T04:25:31.000+0000,IND,null,null,External,null,false,null,Other,INDUSTRIAL,null,MULTI,2023-04-03T13:43:47.604+0000,true,false,null,null,null,11420,2018-03-15T15:06:02.000+0000,BRW SAFETY & SUPPLY INC,null,null,null,null,null,null,14775,null,null,null,null,null,N/A,null,null,null,null,null,2023-04-03T13:43:47.604+0000,IND
ebs-3210,0,ebs-10127,ebs-8832,0,0,0,0,false,2023-04-03T13:44:35.335+0000,2011-06-01,EBS,null,1402,10359,null,Distributor,null,null,null,null,null,null,null,null,null,001,1354,2011-06-02T04:25:32.000+0000,IND,null,null,External,null,false,null,Other,NV&AC,null,CONSTRUCTION,2023-04-03T13:43:47.604+0000,true,false,null,null,null,20285,2020-04-13T10:15:10.000+0000,null,null,null,null,null,null,null,14833,null,NA,null,null,null,BUILDING & CONSTRUCTION,null,null,null,null,null,2023-04-03T13:43:47.604+0000,IND
ebs-4479,0,ebs-10127,ebs-10863,0,a0263df21712907ba3e7d5bc408792c6879e41352daafabb284f04338ab43732,0,0,false,2023-04-03T13:44:35.335+0000,2011-06-01,EBS,null,2087,11044,null,Distributor,null,null,null,null,null,null,null,null,null,001,1354,2011-06-02T04:25:44.000+0000,IND,Tech Touch,Tier2,External,null,false,null,Other,INDUSTRIAL,null,MULTI,2023-04-03T13:43:47.604+0000,true,false,null,null,null,2196,2022-04-07T11:40:29.000+0000,NORCO INC.,null,null,null,null,null,null,15518,670456,USA,6806,null,null,N/A,null,null,null,null,null,2023-04-03T13:43:47.604+0000,IND
kgd-120,0,0,0,0,0,0,0,false,2023-04-05T12:13:59.163+0000,2019-10-01,KGD,null,17172,17172,null,Distributor,null,China,null,null,null,null,null,null,null,null,SzeYunn Lee,2019-10-18T11:12:10.000+0000,null,null,null,null,null,null,null,Other,MED,null,null,2023-04-05T12:10:52.970+0000,null,null,null,null,null,null,2021-05-06T10:43:44.000+0000,Hefei Tian Yi,null,null,null,null,null,null,null,null,null,null,null,null,null,null,null,null,null,null,2023-04-05T12:10:52.970+0000,null
kgd-516,0,0,0,0,0,0,0,false,2023-04-05T12:13:59.163+0000,2020-03-01,KGD,null,19614,19614,null,Distributor,null,China,null,null,null,710000,null,null,null,null,Shu Jun Kwan,2020-03-10T14:40:54.000+0000,null,null,null,null,null,null,null,Other,MED,null,null,2023-04-05T12:10:52.970+0000,null,null,null,null,null,null,null,Xian Baosen,null,null,null,null,null,null,null,null,null,null,null,null,null,null,null,null,null,null,2023-04-05T12:10:52.970+0000,null
kgd-215,0,0,0,0,0,0,0,false,2023-04-05T12:13:59.163+0000,2021-01-01,KGD,null,29194,29194,null,Distributor,null,China,null,null,null,100123,null,null,null,null,Szeyunn Lee 2,2021-01-04T21:49:11.000+0000,null,null,null,null,null,null,null,Other,MED,null,null,2023-04-05T12:10:52.970+0000,null,null,null,null,null,null,2021-07-20T16:18:39.000+0000,Beijing Hong Yu Kang Da,null,null,null,null,null,null,null,null,null,null,null,null,null,null,null,null,null,null,2023-04-05T12:10:52.970+0000,null
kgd-888,0,0,0,0,0,0,0,false,2023-04-05T12:13:59.163+0000,2022-07-01,KGD,null,50348,50348,null,Distributor,null,China,null,null,null,324000,null,null,null,null,Szeyunn Lee 2,2022-07-06T19:00:27.000+0000,null,null,null,null,null,null,null,Other,MED,null,null,2023-04-05T12:10:52.970+0000,null,null,null,null,null,null,null,QuZhou Ruino,null,null,null,null,null,null,null,null,null,null,null,null,null,null,null,null,null,null,2023-04-05T12:10:52.970+0000,null
kgd-58,0,0,0,0,0,0,0,false,2023-04-05T12:13:59.163+0000,2016-01-01,KGD,null,2999,2999,null,Distributor,null,China,null,null,null,272117,null,null,null,null,Michelle Lee,2016-01-20T19:14:06.000+0000,null,null,null,null,null,null,null,Other,MED,null,null,2023-04-05T12:10:52.970+0000,null,null,null,null,null,null,2018-01-17T13:36:18.000+0000,Jining Xintian Di,null,null,null,null,null,null,null,null,null,null,null,null,null,null,null,null,null,null,2023-04-05T12:10:52.970+0000,null
kgd-904,0,0,0,0,0,0,0,false,2023-04-05T12:13:59.163+0000,2022-09-01,KGD,null,54518,54518,null,Distributor,null,China,null,null,null,null,null,null,null,null,Venice Hew,2022-09-14T13:19:12.000+0000,null,null,null,null,null,null,null,Other,MED,null,null,2023-04-05T12:10:52.970+0000,null,null,null,null,null,null,2022-09-14T13:45:04.000+0000,Yunan BeiSiQi,null,null,null,null,null,null,null,null,null,null,null,null,null,null,null,null,null,null,2023-04-05T12:10:52.970+0000,null
kgd-417,0,0,0,0,0,0,0,false,2023-04-05T12:13:59.163+0000,2013-04-01,KGD,null,1342,1342,null,Distributor,null,China,null,null,null,200123,null,null,null,null,Administrator,2013-04-17T17:04:32.000+0000,null,null,null,null,null,null,null,Other,IND,null,null,2023-04-05T12:10:52.970+0000,null,null,null,null,null,null,2016-10-20T12:42:33.000+0000,Zhongjiu Keji,null,null,null,null,null,null,null,null,null,null,null,null,null,null,null,null,null,null,2023-04-05T12:10:52.970+0000,null
kgd-416,0,0,0,0,0,0,0,false,2023-04-05T12:13:59.163+0000,2013-04-01,KGD,null,1339,1339,null,Distributor,null,China,null,null,null,200233,null,null,null,null,Administrator,2013-04-17T17:01:28.000+0000,null,null,null,null,null,null,null,Other,IND,null,null,2023-04-05T12:10:52.970+0000,null,null,null,null,null,null,2016-06-13T17:01:10.000+0000,Grainger,null,null,null,null,null,null,null,null,null,null,null,null,null,null,null,null,null,null,2023-04-05T12:10:52.970+0000,null
kgd-398,0,0,0,0,0,0,0,false,2023-04-05T12:13:59.163+0000,2015-05-01,KGD,null,2776,2776,null,Distributor,null,China,null,null,null,null,null,null,null,null,Ida Sheng,2015-05-19T15:45:09.000+0000,null,null,null,null,null,null,null,Other,MED,null,null,2023-04-05T12:10:52.970+0000,null,null,null,null,null,null,null,Tianjin Zhibolian,null,null,null,null,null,null,null,null,null,null,null,null,null,null,null,null,null,null,2023-04-05T12:10:52.970+0000,null
kgd-46,0,0,0,0,0,0,0,false,2023-04-05T12:13:59.163+0000,2014-07-01,KGD,null,2572,2572,null,Distributor,null,China,null,null,null,201702,null,null,null,null,Sophie Shen,2014-07-23T11:02:31.000+0000,null,null,null,null,null,null,null,Other,IND,null,null,2023-04-05T12:10:52.970+0000,null,null,null,null,null,null,null,Shanghai Guangtong,null,null,null,null,null,null,null,null,null,null,null,null,null,null,null,null,null,null,2023-04-05T12:10:52.970+0000,null
prms-2054,0,0,0,0,0,0,0,false,2023-04-05T13:06:45.154+0000,1900-01-01,PRMS,null,200-751,751,null,null,null,null,DIV ANIMAL PRODUCTION,PO BOX K220,HAYMARKET,2000,2,null,null,001,null,1900-01-01T00:00:00.000+0000,M,null,null,External,null,null,null,Other,null,null,null,2023-04-05T13:06:23.746+0000,true,false,null,null,null,null,1900-01-01T00:00:00.000+0000,=DEPT AGRICULTURE & FISHE,null,null,null,null,null,null,null,null,null,null,null,null,null,null,null,null,null,null,2023-04-05T13:06:23.746+0000,null
prms-4882,0,0,0,0,0,0,0,false,2023-04-05T13:06:45.154+0000,1900-01-01,PRMS,null,200-570,570,null,null,null,null,UNIT 1  128 BONDS RD,RIVERWOOD,NSW,2210,2,null,null,001,null,1900-01-01T00:00:00.000+0000,M,null,null,External,null,null,null,Other,null,null,null,2023-04-05T13:06:23.746+0000,true,false,null,null,null,null,1900-01-01T00:00:00.000+0000,A1 CAR CARPETS,null,null,null,null,null,null,null,null,null,null,null,null,null,null,null,null,null,null,2023-04-05T13:06:23.746+0000,null
prms-3848,0,0,0,0,0,0,0,false,2023-04-05T13:06:45.154+0000,1900-01-01,PRMS,null,200-105,105,null,null,null,null,61-65 NEWTON ROAD,WETHERILL PARK,NSW,2164,2,null,null,001,null,1900-01-01T00:00:00.000+0000,I,null,null,External,null,null,null,Other,null,null,null,2023-04-05T13:06:23.746+0000,true,false,null,null,null,null,1900-01-01T00:00:00.000+0000,A & W HOLLIER WHOLESALE,null,null,null,null,null,null,null,null,null,null,null,null,null,null,null,null,null,null,2023-04-05T13:06:23.746+0000,null
prms-2084,0,0,0,0,0,0,0,false,2023-04-05T13:06:45.154+0000,1900-01-01,PRMS,null,200-370,370,null,null,null,null,112 HIGH ST,MASCOT,NSW,2020,2,null,null,001,null,1900-01-01T00:00:00.000+0000,M,null,null,External,null,null,null,Other,null,null,null,2023-04-05T13:06:23.746+0000,true,false,null,null,null,null,1900-01-01T00:00:00.000+0000,ALBERT ANDREWS P/L **CAS=,null,null,null,null,null,null,null,null,null,null,null,null,null,null,null,null,null,null,2023-04-05T13:06:23.746+0000,null
prms-1396,0,0,0,0,0,0,0,false,2023-04-05T13:06:45.154+0000,1900-01-01,PRMS,null,200-420,420,null,null,null,null,LOCKED BAG 5061,PARRAMATTA,NSW,2124,2,null,null,001,null,1900-01-01T00:00:00.000+0000,C,null,null,External,null,null,null,Other,null,null,null,2023-04-05T13:06:23.746+0000,true,false,null,null,null,null,1900-01-01T00:00:00.000+0000,API NSW,null,null,null,null,null,null,null,null,null,null,null,null,null,null,null,null,null,null,2023-04-05T13:06:23.746+0000,null
prms-4994,0,0,0,0,0,0,0,false,2023-04-05T13:06:45.154+0000,1900-01-01,PRMS,null,200-80,80,null,null,null,null,37 PAVESI STREET,GUILDFORD,NSW,2161,2,null,null,001,null,1900-01-01T00:00:00.000+0000,M,null,null,External,null,null,null,Other,null,null,null,2023-04-05T13:06:23.746+0000,true,false,null,null,null,null,1900-01-01T00:00:00.000+0000,ARMOUR DRIZA-BONE PTY LT,null,null,null,null,null,null,null,null,null,null,null,null,null,null,null,null,null,null,2023-04-05T13:06:23.746+0000,null
prms-1663,0,0,0,0,0,0,0,false,2023-04-05T13:06:45.154+0000,1900-01-01,PRMS,null,200-690,690,null,null,null,null,AIR N.Z. ENGINEERING SERV,"PO BOX 53098,AUCKLAND INT","AIRPORT, AUCKLAND NEW ZEALAND",null,2,null,null,001,null,1900-01-01T00:00:00.000+0000,I,null,null,External,null,null,null,Other,null,null,null,2023-04-05T13:06:23.746+0000,true,false,null,null,null,null,1900-01-01T00:00:00.000+0000,ANSETT AUSTRALIA/AIR N.Z.,null,null,null,null,null,null,null,null,null,null,null,null,null,null,null,null,null,null,2023-04-05T13:06:23.746+0000,null
prms-877,0,0,0,0,0,0,0,false,2023-04-05T13:06:45.154+0000,2008-01-01,PRMS,null,200-415,415,null,null,null,null,BOX XL BANKSTOWN AIRPORT,BANKSTOWN AIRPORT,NSW,2200,2,null,null,001,VICLBOW1,2008-01-25T00:00:00.000+0000,I,null,null,External,null,null,null,Other,null,null,null,2023-04-05T13:06:23.746+0000,true,false,null,null,null,VICLBOW1,2008-01-25T00:00:00.000+0000,AERO BEE PTY LTD,null,null,null,null,null,null,null,null,null,null,null,null,null,null,null,null,null,null,2023-04-05T13:06:23.746+0000,null
prms-2716,0,0,0,0,0,0,0,false,2023-04-05T13:06:45.154+0000,2015-07-01,PRMS,null,200-120,120,null,null,null,null,PO BOX 4242,DANDENONG VIC,null,3175,3,null,null,001,VICGRAN1,2015-07-02T00:00:00.000+0000,I,null,null,External,null,null,null,Other,null,null,null,2023-04-05T13:06:23.746+0000,true,false,null,null,null,VICGRAN1,2015-07-02T00:00:00.000+0000,AWARE SAFETY PTY LTD,null,null,null,null,null,null,null,null,null,null,null,null,null,null,null,null,null,null,2023-04-05T13:06:23.746+0000,null
prms-9,0,0,0,0,0,0,0,false,2023-04-05T13:06:45.154+0000,2000-03-01,PRMS,null,200-675,675,null,null,null,null,10 ARUMA PLACE,CARDIFF,NSW,2285,2,null,null,001,GLEDMAT1,2000-03-14T00:00:00.000+0000,M,null,null,External,null,null,null,Other,null,null,null,2023-04-05T13:06:23.746+0000,true,false,null,null,null,GLEDMAT1,2000-03-14T00:00:00.000+0000,AUST PHARM IND (B'MEADOW),null,null,null,null,null,null,null,null,null,null,null,null,null,null,null,null,null,null,2023-04-05T13:06:23.746+0000,null
sap-6916,0,0,0,0,0,0,0,false,2023-04-06T12:04:16.976+0000,2003-12-01,SAP,0001,0000005736,0000005736,null,Z0,AMBRA,IT,VIA MAGELLANO 2,null,null,52020,AR,null,null,030,MGUZZO,2003-12-03T00:00:00.000+0000,null,null,null,Z0,null,null,null,Other,null,null,Z00,2023-04-06T12:03:55.609+0000,null,null,null,null,null,null,1900-01-01T00:00:00.000+0000,GUANTIFICIO SENESE SRL UNIPERSONALE,null,null,null,null,null,null,null,null,AR,null,null,null,null,null,null,null,null,null,2023-04-06T12:03:55.609+0000,null
sap-19768,0,0,0,0,0,0,0,false,2023-04-06T12:04:16.976+0000,2021-01-01,SAP,0001,0000335217,0000335217,null,Z0,Colchester,GB,Colchester General Hospital,null,null,CO4 5JL,null,null,null,030,KZHOU,2021-01-24T00:00:00.000+0000,null,null,null,Z0,null,null,null,Other,null,null,Z00,2023-04-06T12:03:55.609+0000,null,null,null,null,null,null,1900-01-01T00:00:00.000+0000,East Suffolk and North Essex NHS FT Pharmacy Support Unit,null,null,null,null,null,null,null,null,null,null,null,null,null,null,null,null,null,null,2023-04-06T12:03:55.609+0000,null
sap-45723,0,0,0,0,0,0,0,false,2023-04-06T12:04:16.976+0000,2021-01-01,SAP,0001,0000335394,0000335394,null,Z0,Dublin,IE,"17-18 Keypoint Bus. Pk, Ballycoolin",null,null,D11 K6NK,null,null,null,030,KZHOU,2021-01-24T00:00:00.000+0000,null,null,null,Z0,null,null,null,Other,null,null,Z00,2023-04-06T12:03:55.609+0000,null,null,null,null,null,null,1900-01-01T00:00:00.000+0000,Keypoint Abrasives Ltd Rosemount Park Drive,null,null,null,null,null,null,null,null,null,null,null,null,null,null,null,null,null,null,2023-04-06T12:03:55.609+0000,null
sap-24453,0,0,0,0,0,0,0,false,2023-04-06T12:04:16.976+0000,2021-01-01,SAP,0001,0000335299,0000335299,null,Z0,St Helier,JE,"PO Box 353, 19 - 21 Broad Street",null,null,JE2 3RR,null,null,null,030,KZHOU,2021-01-24T00:00:00.000+0000,null,null,null,Z0,null,null,null,Other,null,null,Z00,2023-04-06T12:03:55.609+0000,null,null,null,null,null,null,1900-01-01T00:00:00.000+0000,"Government of Jersey Health & Comm. Serv, Sh Serv Acc Pa",null,null,null,null,null,null,null,null,null,null,null,null,null,null,null,null,null,null,2023-04-06T12:03:55.609+0000,null
sap-20513,0,0,0,0,0,0,0,false,2023-04-06T12:04:16.976+0000,2021-01-01,SAP,0001,0000335368,0000335368,null,Z0,Milton Keynes,GB,Walton Manor,null,null,MK7 7AJ,null,null,null,030,KZHOU,2021-01-24T00:00:00.000+0000,null,null,null,Z0,null,null,null,Other,null,null,Z00,2023-04-06T12:03:55.609+0000,null,null,null,null,null,null,1900-01-01T00:00:00.000+0000,Intervet UK Production Ltd Accounts Dept,null,null,null,null,null,null,null,null,null,null,null,null,null,null,null,null,null,null,2023-04-06T12:03:55.609+0000,null
sap-51432,0,0,0,0,0,0,0,false,2023-04-06T12:04:16.976+0000,2021-01-01,SAP,0001,0000335082,0000335082,null,Z0,Farnham,GB,Weydon Lane,null,null,GU9 8QL,null,null,null,030,KZHOU,2021-01-24T00:00:00.000+0000,null,null,null,Z0,null,null,null,Other,null,null,Z00,2023-04-06T12:03:55.609+0000,null,null,null,null,null,null,1900-01-01T00:00:00.000+0000,"Biocompatibles UK Limited Chapman House, Farnham Business Par",null,null,null,null,null,null,null,null,null,null,null,null,null,null,null,null,null,null,2023-04-06T12:03:55.609+0000,null
sap-41893,0,0,0,0,0,0,0,false,2023-04-06T12:04:16.976+0000,2021-01-01,SAP,0001,0000335055,0000335055,null,Z0,London,GB,"20 Churchill Place, Canary Wharf",null,null,E14 5HJ,null,null,null,030,KZHOU,2021-01-24T00:00:00.000+0000,null,null,null,Z0,null,null,null,Other,null,null,Z00,2023-04-06T12:03:55.609+0000,null,null,null,null,null,null,1900-01-01T00:00:00.000+0000,Barts Health NHS Trust Treasury & Payments Department,null,null,null,null,null,null,null,null,null,null,null,null,null,null,null,null,null,null,2023-04-06T12:03:55.609+0000,null
sap-5507,0,0,0,0,0,0,0,false,2023-04-06T12:04:16.976+0000,2014-01-01,SAP,0001,0000321745,0000321745,null,Z0,Hallsberg,SE,Gate 4-16,null,null,694 81,null,null,null,030,XLEBRUN,2014-01-18T00:00:00.000+0000,null,null,null,Z0,null,null,null,Other,null,null,Z00,2023-04-06T12:03:55.609+0000,null,null,null,null,null,null,1900-01-01T00:00:00.000+0000,AHLSELL Sverige AB,null,null,null,null,null,null,null,null,null,null,null,null,null,null,null,null,null,null,2023-04-06T12:03:55.609+0000,null
sap-46443,0,0,0,0,0,0,0,false,2023-04-06T12:04:16.976+0000,2015-08-01,SAP,0001,0000328644,0000328644,null,Z0,CORNEBARRIEU,FR,11 AVENUE LATECOERE,null,null,31700,null,null,null,030,INFORMATICA,2015-08-26T00:00:00.000+0000,null,null,null,Z0,null,null,null,Other,null,null,Z00,2023-04-06T12:03:55.609+0000,null,null,null,null,null,null,1900-01-01T00:00:00.000+0000,PAREDES TOULOUSE,null,null,null,null,null,null,null,null,null,null,null,null,null,null,null,null,null,null,2023-04-06T12:03:55.609+0000,null
sap-3844,0,0,0,0,0,0,0,false,2023-04-06T12:04:16.976+0000,2015-08-01,SAP,0002,0000328645,0000328645,null,Z0,CORNEBARRIEU,FR,11 AVENUE LATECOERE,null,null,31700,null,null,null,030,INFORMATICA,2015-08-26T00:00:00.000+0000,null,null,null,Z0,null,null,null,Other,null,null,Z00,2023-04-06T12:03:55.609+0000,null,null,null,null,null,null,1900-01-01T00:00:00.000+0000,PROCIM/P ZA,null,null,null,null,null,null,null,null,null,null,null,null,null,null,null,null,null,null,2023-04-06T12:03:55.609+0000,null
sf-176223,0,sf-1945,sf-2248,f07cfff28f6af28c00e250e71662cb6c08cca9ca3a6c902ee4a7f1afc9aecfd0,0,0,66d7e62604b2bafcf34d3e57f9783c987c9df2b4cc50d64ae86334e83a14d92e,false,2023-04-11T10:12:52.353+0000,2010-09-01,SF,null,00190000004EBRGAA4,00190000004EBRGAA4,Active,Healthcare,WESTMEAD,Australia,Corner Hawkesbury & Darcy Roads,null,null,2145,New South Wales,null,Acute,030,00590000000JVdjAAG,2010-09-28T11:07:14.000+0000,null,null,null,External,null,null,null,Other,null,APAC,null,2023-04-11T10:12:28.320+0000,true,false,null,Hospital,Mature,0050o00000XmX5JAAV,2022-02-21T06:51:34.000+0000,Westmead Hospital,false,21,APAC Healthcare,0050o00000XmX5JAAV,ANZ,00190000005d05SAAQ,null,null,ANZ,null,NSW/ACT,null,null,null,false,NSW/ACT,false,false,2023-04-11T10:12:28.320+0000,Acute Care (ACT)
sf-89364,0,sf-792,sf-1057,93edfb72d7e384597a44a37fce2d61a0a106b72bb52eb5334998df05f77f17da,0,0,9f8b99fe8bc1efd4d17bee98ba3f81a1f0147a8765e3ea717e33a92bb77aba3e,false,2023-04-11T10:12:52.353+0000,2010-09-01,SF,null,00190000004EE3KAAW,00190000004EE3KAAW,null,Industrial,KALGOORLIE,Australia,Black St,null,null,6430,Western Australia,null,null,030,00590000000JgvOAAS,2010-09-30T14:16:32.000+0000,null,null,null,External,null,null,null,Other,null,APAC,null,2023-04-11T10:12:28.320+0000,true,false,null,null,Mature,0050o00000XLnSXAA1,2022-03-24T16:05:55.000+0000,KCGM (Kalgoorlie Consolidated Gold Mines ),false,null,APAC Industrial,0050o00000YZDZuAAP,ANZ,null,null,null,ANZ,null,North WA / NT,null,null,TBA,false,North WA / NT,false,false,2023-04-11T10:12:28.320+0000,Energy
sf-18477,0,sf-1945,sf-792,6a0425374cc9b27ec1d3fc05d8589ac066a8c97576a93e4f8d5ce85e1ded6c94,0,0,0,false,2023-04-11T10:12:52.353+0000,2010-09-01,SF,null,00190000004EBTcAAO,00190000004EBTcAAO,Active,Healthcare,MACKAY,Australia,475 Bridge Road,null,null,4740,Queensland,null,Acute,030,00590000000JVdjAAG,2010-09-28T11:07:34.000+0000,null,null,null,External,null,null,null,Other,null,APAC,null,2023-04-11T10:12:28.320+0000,true,false,null,null,Mature,00590000000JgvOAAS,2022-06-07T02:53:02.000+0000,Mackay Base Hosp.,false,8,APAC Healthcare,00590000004RawvAAC,ANZ,00190000007lxCjAAI,null,null,ANZ,null,null,null,null,null,false,null,false,false,2023-04-11T10:12:28.320+0000,null
sf-167667,0,sf-1945,sf-792,b086421943b96e8b31d0d96cb2bda87ac0ca8c0547758134a472b046d25b3453,0,0,0,false,2023-04-11T10:12:52.353+0000,2010-09-01,SF,null,00190000004DwyWAAS,00190000004DwyWAAS,Active,Healthcare,null,Australia,TBA,null,null,0,Victoria,null,Non-Acute,030,00590000000JVdjAAG,2010-09-20T01:51:27.000+0000,null,null,null,External,null,null,null,Other,null,APAC,null,2023-04-11T10:12:28.320+0000,true,false,null,null,Mature,00590000000JgvOAAS,2022-07-08T02:43:54.000+0000,Biocorp Aust.Pty.Ltd,false,null,APAC Healthcare,0050o00000YYwKhAAL,ANZ,null,null,null,ANZ,null,null,null,null,null,true,null,false,false,2023-04-11T10:12:28.320+0000,null
sf-147933,0,sf-1945,sf-792,b086421943b96e8b31d0d96cb2bda87ac0ca8c0547758134a472b046d25b3453,0,0,0,false,2023-04-11T10:12:52.353+0000,2010-09-01,SF,null,00190000004DwypAAC,00190000004DwypAAC,Active,Healthcare,null,Australia,TBA,null,null,0,Victoria,null,Non-Acute,030,00590000000JVdjAAG,2010-09-20T01:51:28.000+0000,null,null,null,External,null,null,null,Other,null,APAC,null,2023-04-11T10:12:28.320+0000,true,false,null,null,Mature,00590000000JgvOAAS,2022-07-08T02:43:54.000+0000,Paramedical Supply,false,null,APAC Healthcare,0050o00000YYwKhAAL,ANZ,null,null,null,ANZ,null,null,null,null,null,true,null,false,false,2023-04-11T10:12:28.320+0000,null
sf-171288,0,sf-1945,sf-4273,5b52d87b3bb625cfb72efd5014d48eb5663855f82f6e75c89ef26249a08ed8b4,0,0,0,false,2023-04-11T10:12:52.353+0000,2010-09-01,SF,null,00190000004EBRtAAO,00190000004EBRtAAO,Active,Healthcare,STRATHFIELD,Australia,3 Everton Road,null,null,2135,New South Wales,null,Acute,030,00590000000JVdjAAG,2010-09-28T11:07:19.000+0000,null,null,null,External,null,null,null,Other,null,APAC,null,2023-04-11T10:12:28.320+0000,true,false,null,Hospital,Mature,0050o00000Yu0vvAAB,2022-06-07T03:06:52.000+0000,Strathfield Private Hospital,false,7,APAC Healthcare,0050o00000Yu0vvAAB,ANZ,0019000000Z5l6aAAB,null,null,ANZ,null,null,null,null,null,false,null,false,false,2023-04-11T10:12:28.320+0000,Acute Care (ACT)
sf-166493,0,sf-1945,sf-4273,5b52d87b3bb625cfb72efd5014d48eb5663855f82f6e75c89ef26249a08ed8b4,0,0,0,false,2023-04-11T10:12:52.353+0000,2010-09-01,SF,null,00190000004EBRdAAO,00190000004EBRdAAO,Active,Healthcare,BANKSTOWN,Australia,Eldridge Road,null,null,2200,New South Wales,null,Acute,030,00590000000JVdjAAG,2010-09-28T11:07:17.000+0000,null,null,null,External,null,null,null,Other,null,APAC,null,2023-04-11T10:12:28.320+0000,true,false,null,Hospital,Mature,0050o00000Yu0vvAAB,2022-07-01T08:04:49.000+0000,Bankstown-Lidcombe Hospital,false,8,APAC Healthcare,0050o00000Yu0vvAAB,ANZ,00190000005d05SAAQ,null,null,ANZ,null,null,null,null,null,false,null,false,false,2023-04-11T10:12:28.320+0000,Acute Care (ACT)
sf-146781,0,sf-1945,sf-792,b086421943b96e8b31d0d96cb2bda87ac0ca8c0547758134a472b046d25b3453,0,0,a5581518911c2aa1d305e3034447660314ed3d4121d02f44b7c249f011b45f2d,false,2023-04-11T10:12:52.353+0000,2010-09-01,SF,null,00190000004DwyyAAC,00190000004DwyyAAC,Active,Healthcare,MILE END,Australia,12 William Street,null,null,null,South Australia,null,Non-Acute,030,00590000000JVdjAAG,2010-09-20T01:51:28.000+0000,null,null,null,External,null,null,null,Other,null,APAC,null,2023-04-11T10:12:28.320+0000,true,false,null,Distributor,Mature,00590000000JgvOAAS,2022-07-08T02:43:54.000+0000,Gunz Symbion Dental SA,false,null,APAC Healthcare,0050o00000YYwKhAAL,ANZ,0019000000HJr80AAD,null,null,ANZ,null,SA/ WA,null,null,null,true,SA/ WA,false,false,2023-04-11T10:12:28.320+0000,Dental (DNT)
sf-48113,0,sf-1945,sf-792,b086421943b96e8b31d0d96cb2bda87ac0ca8c0547758134a472b046d25b3453,0,0,34536d9b1995dc17ff49f95b612a8bd818d6a6ed062dbf74862a2cfe97ee3443,false,2023-04-11T10:12:52.353+0000,2010-09-01,SF,null,00190000004DwyhAAC,00190000004DwyhAAC,Active,Healthcare,GEELONG NORTH,Australia,1/11 Hepner Place,null,null,null,Victoria,null,Non-Acute,030,00590000000JVdjAAG,2010-09-20T01:51:28.000+0000,null,null,null,External,null,null,null,Other,null,APAC,null,2023-04-11T10:12:28.320+0000,true,false,null,Distributor,Mature,00590000000JgvOAAS,2022-07-08T02:43:54.000+0000,Geelong Medical Supplies,false,null,APAC Healthcare,0050o00000YYwKhAAL,ANZ,null,null,null,ANZ,null,National,336899,null,null,true,National,false,false,2023-04-11T10:12:28.320+0000,Post-Acute and Primary Care (PPC)
sf-151919,0,sf-1945,sf-792,b086421943b96e8b31d0d96cb2bda87ac0ca8c0547758134a472b046d25b3453,0,0,34536d9b1995dc17ff49f95b612a8bd818d6a6ed062dbf74862a2cfe97ee3443,false,2023-04-11T10:12:52.353+0000,2010-09-01,SF,null,00190000004DwymAAC,00190000004DwymAAC,Active,Healthcare,RICHLANDS,Australia,33 Fulcrum Street,null,null,4077,Queensland,null,Non-Acute,030,00590000000JVdjAAG,2010-09-20T01:51:28.000+0000,null,null,null,External,null,null,null,Other,null,APAC,null,2023-04-11T10:12:28.320+0000,true,false,null,Distributor,Mature,00590000000JgvOAAS,2022-07-08T02:43:54.000+0000,Medical & Surgical Requisites,false,null,APAC Healthcare,0050o00000YYwKhAAL,ANZ,null,null,null,ANZ,null,National,337361,null,null,true,National,false,false,2023-04-11T10:12:28.320+0000,Post-Acute and Primary Care (PPC)
tot-2225,0,0,0,0,0,0,00695ee11997e8a9f04df06215475533434823f99c159ca9b7ab3a878334c9aa,false,2023-04-12T07:33:21.613+0000,1900-01-01,TOT,null,5210-00451915000113,00451915000113,null,null,SAO PAULO,Brazil,"R FRANCISCO ASSIS GARRIDO, 75 BLOCO A",null,null,null,SP,null,null,001,null,null,I,null,null,External,null,false,null,Other,INDUSTRIAL,null,null,2023-04-12T07:33:03.163+0000,true,false,null,null,null,null,null,LAGROTTA AZZURRA IND. COM. CONFEC. LTDA,null,null,null,null,null,null,null,null,null,null,87,null,null,null,null,87,null,null,2023-04-12T07:33:03.163+0000,null
tot-355,328891d26aa265f516a06e6e266ac7a72e470de81eee1dacf9733dbb233e24e1,0,0,0,0,tot-71,b9293a0151c02faed4b485caa2906874c4b3706ef96df32087b77520502ae406,false,2023-04-12T07:33:21.613+0000,2023-04-01,TOT,null,5210-00496983000107,00496983000107,null,null,GOIANIA,Brazil,"R 201, 66",null,null,null,GO,BusinessGroup-5210-000536,null,001,null,2023-04-04T00:00:00.000+0000,I,null,null,External,null,false,null,Other,INDUSTRIAL,null,null,2023-04-12T07:33:03.163+0000,true,false,null,null,null,null,null,KAPITAO AMERICA - EQUIPAMENTOS DE SEGURANCA COMERCIO E INDUS,null,null,null,null,null,null,null,null,null,null,122,null,null,null,null,122,null,null,2023-04-12T07:33:03.163+0000,null
tot-1928,0,0,0,0,0,tot-23,3f9cebc2ac84026491828944136a3e0f1dadc73e2f0974ba263ad0a55cd5d8e5,false,2023-04-12T07:33:21.613+0000,1900-01-01,TOT,null,5210-00253902000130,00253902000130,null,null,SAO ROQUE,Brazil,"RUA PAULINA DE CAMPOS, 93, FUNDOS",null,null,null,SP,null,null,001,null,null,I,null,null,External,null,false,null,Other,INDUSTRIAL,null,null,2023-04-12T07:33:03.163+0000,true,false,null,null,null,null,null,EMERTECH TEC. PARA EMERGENCIAS LTDA,null,null,null,null,null,null,null,null,null,null,73,null,null,null,null,73,null,null,2023-04-12T07:33:03.163+0000,null
tot-403,058d92ecf185a0a60c101452aca9b399ea96e2f359ae173d7dd82776669952ea,0,0,0,0,tot-77,ccf392b2aa2e7238af2b2b7425a63d55e8998ba1b4a4e49364d70706ace5ad53,false,2023-04-12T07:33:21.613+0000,2021-02-01,TOT,null,5210-00409175684,00409175684,null,null,SAO JOSE DOS CAMPOS,Brazil,"Rua Vinte e Um de Abril, 777",null,null,null,SP,BusinessGroup-5210-000206,null,001,null,2021-02-27T00:00:00.000+0000,I,null,null,External,null,false,null,Other,INDUSTRIAL,null,null,2023-04-12T07:33:03.163+0000,true,false,null,null,null,null,null,Roseli Batista,null,null,null,null,null,null,null,null,null,null,00,null,null,null,null,00,null,null,2023-04-12T07:33:03.163+0000,null
tot-752,058d92ecf185a0a60c101452aca9b399ea96e2f359ae173d7dd82776669952ea,0,0,0,0,tot-77,ccf392b2aa2e7238af2b2b7425a63d55e8998ba1b4a4e49364d70706ace5ad53,false,2023-04-12T07:33:21.613+0000,2021-04-01,TOT,null,5210-00116885645,00116885645,null,null,BELO HORIZONTE,Brazil,"Rua Wilson Modesto Ribeiro, 155",null,null,null,MG,BusinessGroup-5210-000206,null,001,null,2021-04-21T00:00:00.000+0000,I,null,null,External,null,false,null,Other,INDUSTRIAL,null,null,2023-04-12T07:33:03.163+0000,true,false,null,null,null,null,null,ANA PAULA ASSIS DE OLIVEIRA,null,null,null,null,null,null,null,null,null,null,00,null,null,null,null,00,null,null,2023-04-12T07:33:03.163+0000,null
tot-2135,0,0,0,0,0,tot-77,ccf392b2aa2e7238af2b2b7425a63d55e8998ba1b4a4e49364d70706ace5ad53,false,2023-04-12T07:33:21.613+0000,2019-03-01,TOT,null,5210-00352294002407,00352294002407,null,null,SAO PAULO,Brazil,AV WASHINGTON LUIZ SN,null,null,null,SP,null,null,001,null,2019-03-28T00:00:00.000+0000,I,null,null,External,null,false,null,Other,INDUSTRIAL,null,null,2023-04-12T07:33:03.163+0000,true,false,null,null,null,null,null,EMPRESA BRASILEIRA DE INFRAESTRUTURA AEROPORTUARIA - INFRAER,null,null,null,null,null,null,null,null,null,null,00,null,null,null,null,00,null,null,2023-04-12T07:33:03.163+0000,null
tot-1007,058d92ecf185a0a60c101452aca9b399ea96e2f359ae173d7dd82776669952ea,0,0,0,0,tot-77,ccf392b2aa2e7238af2b2b7425a63d55e8998ba1b4a4e49364d70706ace5ad53,false,2023-04-12T07:33:21.613+0000,2021-04-01,TOT,null,5210-00097327484,00097327484,null,null,CRAIBAS,Brazil,"Rua Manoel Antonio de Jesus, 83",null,null,null,AL,BusinessGroup-5210-000206,null,001,null,2021-04-22T00:00:00.000+0000,I,null,null,External,null,false,null,Other,INDUSTRIAL,null,null,2023-04-12T07:33:03.163+0000,true,false,null,null,null,null,null,Andre Pereira,null,null,null,null,null,null,null,null,null,null,00,null,null,null,null,00,null,null,2023-04-12T07:33:03.163+0000,null
tot-966,0,0,0,0,0,tot-77,ccf392b2aa2e7238af2b2b7425a63d55e8998ba1b4a4e49364d70706ace5ad53,false,2023-04-12T07:33:21.613+0000,1900-01-01,TOT,null,5210-00352294001192,00352294001192,null,null,GOIANIA,Brazil,AER AEROPORTO DE GOIANIA,null,null,null,GO,null,null,001,null,null,I,null,null,External,null,false,null,Other,INDUSTRIAL,null,null,2023-04-12T07:33:03.163+0000,true,false,null,null,null,null,null,EMPRESA BRASILEIRA DE INFRAESTRUTURA AEROPORTUARIA- INFRAERO,null,null,null,null,null,null,null,null,null,null,00,null,null,null,null,00,null,null,2023-04-12T07:33:03.163+0000,null
tot-1147,0,0,0,0,0,tot-77,ccf392b2aa2e7238af2b2b7425a63d55e8998ba1b4a4e49364d70706ace5ad53,false,2023-04-12T07:33:21.613+0000,1900-01-01,TOT,null,5210-00000000000000,00000000000000,null,null,SAO PAULO,Brazil,XXX,null,null,null,SP,null,null,001,null,null,I,null,null,External,null,false,null,Other,INDUSTRIAL,null,null,2023-04-12T07:33:03.163+0000,true,false,null,null,null,null,null,CLIENTE NAO INDENTIFICADO,null,null,null,null,null,null,null,null,null,null,00,null,null,null,null,00,null,null,2023-04-12T07:33:03.163+0000,null
tot-357,058d92ecf185a0a60c101452aca9b399ea96e2f359ae173d7dd82776669952ea,0,0,0,0,tot-77,ccf392b2aa2e7238af2b2b7425a63d55e8998ba1b4a4e49364d70706ace5ad53,false,2023-04-12T07:33:21.613+0000,2021-04-01,TOT,null,5210-00523380453,00523380453,null,null,RECIFE,Brazil,"Rua dos Navegantes, 1353",null,null,null,PE,BusinessGroup-5210-000206,null,001,null,2021-04-20T00:00:00.000+0000,I,null,null,External,null,false,null,Other,INDUSTRIAL,null,null,2023-04-12T07:33:03.163+0000,true,false,null,null,null,null,null,NORMANDO SANTIAGO BEZERRA,null,null,null,null,null,null,null,null,null,null,00,null,null,null,null,00,null,null,2023-04-12T07:33:03.163+0000,null
0,0,0,0,0,0,0,0,false,1900-01-01T00:00:00.000+0000,1900-01-01,DEFAULT,unknown,unknown,unknown,unknown,unknown,unknown,unknown,unknown,unknown,unknown,unknown,unknown,unknown,unknown,unknown,unknown,1900-01-01T00:00:00.000+0000,unknown,unknown,unknown,unknown,unknown,null,unknown,unknown,unknown,unknown,unknown,1900-01-01T00:00:00.000+0000,null,null,unknown,unknown,unknown,unknown,1900-01-01T00:00:00.000+0000,unknown,null,null,unknown,unknown,unknown,unknown,unknown,unknown,unknown,unknown,unknown,unknown,unknown,unknown,null,unknown,null,null,1900-01-01T00:00:00.000+0000,unknown
